===================================================================
KijaniKiosk Pipeline — 2026-10-05T16:01:06+03:00
Path mode: multipass
===================================================================

>>> [1/3] Terraform apply
-------------------------------------------------------------------
[0m[1mmodule.app_servers["logs"].data.external.vm_info: Reading...[0m[0m
[0m[1mmodule.app_servers["payments"].data.external.vm_info: Reading...[0m[0m
[0m[1mmodule.app_servers["api"].data.external.vm_info: Reading...[0m[0m
[0m[1mmodule.app_servers["api"].data.external.vm_info: Read complete after 5s [id=-][0m
[0m[1mmodule.app_servers["logs"].data.external.vm_info: Read complete after 5s [id=-][0m
[0m[1mmodule.app_servers["payments"].data.external.vm_info: Read complete after 5s [id=-][0m
[0m[1mmodule.app_servers["payments"].null_resource.this: Refreshing state... [id=797464359897214384][0m
[0m[1mmodule.app_servers["api"].null_resource.this: Refreshing state... [id=1952641845401664071][0m
[0m[1mmodule.app_servers["logs"].null_resource.this: Refreshing state... [id=853973135524182644][0m

[0m[1m[32mNo changes.[0m[1m Your infrastructure matches the configuration.[0m

[0mTerraform has compared your real infrastructure against your configuration
and found no differences, so no changes are needed.
[0m[1m[32m
Apply complete! Resources: 0 added, 0 changed, 0 destroyed.[0m
[0m[1m[32m
Outputs:

[0mall_server_ips = {
  "api" = "10.32.18.69"
  "logs" = "10.32.18.211"
  "payments" = "10.32.18.210"
}
api_server_ip = "10.32.18.69"
environment = "staging"
logs_server_ip = "10.32.18.211"
payments_server_ip = "10.32.18.210"
ssh_commands = {
  "api" = "ssh -i ~/.ssh/id_rsa ubuntu@10.32.18.69"
  "logs" = "ssh -i ~/.ssh/id_rsa ubuntu@10.32.18.211"
  "payments" = "ssh -i ~/.ssh/id_rsa ubuntu@10.32.18.210"
}

>>> [2/3] Generating Ansible inventory
-------------------------------------------------------------------
Resolved IPs:
  api      = 10.32.18.69
  payments = 10.32.18.210
  logs     = 10.32.18.211
Inventory written to /home/medico/kijanikiosk-ansible/inventory.ini:
[kijanikiosk_api]
api ansible_host=10.32.18.69

[kijanikiosk_payments]
payments ansible_host=10.32.18.210

[kijanikiosk_logs]
logs ansible_host=10.32.18.211

[kijanikiosk:children]
kijanikiosk_api
kijanikiosk_payments
kijanikiosk_logs

[kijanikiosk:vars]
ansible_user=ubuntu
ansible_ssh_private_key_file=/home/medico/.ssh/id_rsa
ansible_python_interpreter=/usr/bin/python3

>>> [3/3] Ansible playbook
-------------------------------------------------------------------

PLAY [Configure KijaniKiosk servers] *******************************************

TASK [Gathering Facts] *********************************************************
ok: [api]
ok: [payments]
ok: [logs]

TASK [Phase 1 — Update apt cache] **********************************************
ok: [api]
ok: [payments]
ok: [logs]

TASK [Phase 1 — Install common packages] ***************************************
ok: [logs]
ok: [payments]
ok: [api]

TASK [Phase 2 — Ensure kijanikiosk group exists] *******************************
ok: [api]
ok: [logs]
ok: [payments]

TASK [Phase 2 — Ensure service accounts exist] *********************************
ok: [payments] => (item={'name': 'kk-api', 'uid': 2001})
ok: [logs] => (item={'name': 'kk-api', 'uid': 2001})
ok: [api] => (item={'name': 'kk-api', 'uid': 2001})
ok: [api] => (item={'name': 'kk-payments', 'uid': 2002})
ok: [payments] => (item={'name': 'kk-payments', 'uid': 2002})
ok: [logs] => (item={'name': 'kk-payments', 'uid': 2002})
ok: [logs] => (item={'name': 'kk-logs', 'uid': 2003})
ok: [api] => (item={'name': 'kk-logs', 'uid': 2003})
ok: [payments] => (item={'name': 'kk-logs', 'uid': 2003})

TASK [Phase 3 — Ensure base directory exists] **********************************
ok: [payments]
ok: [api]
ok: [logs]

TASK [Phase 3 — Ensure config directory exists] ********************************
ok: [api]
ok: [payments]
ok: [logs]

TASK [Phase 3 — Ensure shared directory exists] ********************************
ok: [payments]
ok: [api]
ok: [logs]

TASK [Phase 3 — Ensure logs directory exists] **********************************
ok: [api]
ok: [logs]
ok: [payments]

TASK [Phase 3 — Ensure health directory exists] ********************************
ok: [logs]
ok: [payments]
ok: [api]

TASK [Phase 3 — Apply default ACLs to logs directory] **************************
ok: [api] => (item={'entity': '', 'etype': 'user', 'perms': 'rwx'})
ok: [payments] => (item={'entity': '', 'etype': 'user', 'perms': 'rwx'})
ok: [logs] => (item={'entity': '', 'etype': 'user', 'perms': 'rwx'})
ok: [api] => (item={'entity': '', 'etype': 'group', 'perms': 'rwx'})
ok: [logs] => (item={'entity': '', 'etype': 'group', 'perms': 'rwx'})
ok: [payments] => (item={'entity': '', 'etype': 'group', 'perms': 'rwx'})
ok: [api] => (item={'entity': '', 'etype': 'other', 'perms': '---'})
ok: [logs] => (item={'entity': '', 'etype': 'other', 'perms': '---'})
ok: [payments] => (item={'entity': '', 'etype': 'other', 'perms': '---'})

TASK [Phase 4 — Ensure service environment file is present] ********************
ok: [logs]
ok: [api]
ok: [payments]

TASK [Phase 4 — Ensure systemd unit file is present] ***************************
ok: [payments]
ok: [logs]
ok: [api]

TASK [Phase 4 — Ensure service is enabled and running] *************************
ok: [api]
ok: [payments]
ok: [logs]

TASK [Phase 5 — Set ufw default deny incoming] *********************************
ok: [api]
ok: [logs]
ok: [payments]

TASK [Phase 5 — Set ufw default allow outgoing] ********************************
ok: [payments]
ok: [api]
ok: [logs]

TASK [Phase 5 — Allow SSH] *****************************************************
ok: [api]
ok: [logs]
ok: [payments]

TASK [Phase 5 — Allow HTTP] ****************************************************
ok: [api]
ok: [payments]
ok: [logs]

TASK [Phase 5 — Allow payments port from loopback] *****************************
skipping: [api]
skipping: [logs]
ok: [payments]

TASK [Phase 5 — Allow payments port from monitoring subnet] ********************
skipping: [api]
skipping: [logs]
ok: [payments]

TASK [Phase 5 — Enable ufw] ****************************************************
ok: [api]
ok: [payments]
ok: [logs]

TASK [Phase 6 — Ensure journald config directory exists] ***********************
ok: [payments]
ok: [api]
ok: [logs]

TASK [Phase 6 — Configure persistent journal] **********************************
ok: [payments]
ok: [api]
ok: [logs]

TASK [Phase 6 — Ensure /var/log/journal exists] ********************************
ok: [payments]
ok: [api]
ok: [logs]

TASK [Phase 7 — Seed a placeholder log file for logrotate validation] **********
ok: [api]
ok: [payments]
ok: [logs]

TASK [Phase 7 — Ensure logrotate config is present] ****************************
ok: [payments]
ok: [logs]
ok: [api]

PLAY RECAP *********************************************************************
api                        : ok=24   changed=0    unreachable=0    failed=0    skipped=2    rescued=0    ignored=0   
logs                       : ok=24   changed=0    unreachable=0    failed=0    skipped=2    rescued=0    ignored=0   
payments                   : ok=26   changed=0    unreachable=0    failed=0    skipped=0    rescued=0    ignored=0   


===================================================================
Pipeline complete — 2026-10-05T16:01:46+03:00
===================================================================
