===================================================================
KijaniKiosk Pipeline — 2026-10-05T15:55:08+03:00
Path mode: multipass
===================================================================

>>> [1/3] Terraform apply
-------------------------------------------------------------------
[0m[1mmodule.app_servers["payments"].data.external.vm_info: Reading...[0m[0m
[0m[1mmodule.app_servers["api"].data.external.vm_info: Reading...[0m[0m
[0m[1mmodule.app_servers["logs"].data.external.vm_info: Reading...[0m[0m
[0m[1mmodule.app_servers["logs"].data.external.vm_info: Read complete after 0s [id=-][0m
[0m[1mmodule.app_servers["api"].data.external.vm_info: Read complete after 1s [id=-][0m
[0m[1mmodule.app_servers["payments"].data.external.vm_info: Read complete after 1s [id=-][0m

Terraform used the selected providers to generate the following execution
plan. Resource actions are indicated with the following symbols:
  [32m+[0m create[0m

Terraform will perform the following actions:

[1m  # module.app_servers["api"].null_resource.this[0m will be created
[0m  [32m+[0m[0m resource "null_resource" "this" {
      [32m+[0m[0m id       = (known after apply)
      [32m+[0m[0m triggers = {
          [32m+[0m[0m "environment" = "staging"
          [32m+[0m[0m "vm_ip"       = "10.32.18.69"
          [32m+[0m[0m "vm_name"     = "kijanikiosk-api"
        }
    }

[1m  # module.app_servers["logs"].null_resource.this[0m will be created
[0m  [32m+[0m[0m resource "null_resource" "this" {
      [32m+[0m[0m id       = (known after apply)
      [32m+[0m[0m triggers = {
          [32m+[0m[0m "environment" = "staging"
          [32m+[0m[0m "vm_ip"       = "10.32.18.211"
          [32m+[0m[0m "vm_name"     = "kijanikiosk-logs"
        }
    }

[1m  # module.app_servers["payments"].null_resource.this[0m will be created
[0m  [32m+[0m[0m resource "null_resource" "this" {
      [32m+[0m[0m id       = (known after apply)
      [32m+[0m[0m triggers = {
          [32m+[0m[0m "environment" = "staging"
          [32m+[0m[0m "vm_ip"       = "10.32.18.210"
          [32m+[0m[0m "vm_name"     = "kijanikiosk-payments"
        }
    }

[1mPlan:[0m [0m3 to add, 0 to change, 0 to destroy.

Changes to Outputs:
  [32m+[0m[0m all_server_ips     = {
      [32m+[0m[0m api      = "10.32.18.69"
      [32m+[0m[0m logs     = "10.32.18.211"
      [32m+[0m[0m payments = "10.32.18.210"
    }
  [32m+[0m[0m api_server_ip      = "10.32.18.69"
  [32m+[0m[0m environment        = "staging"
  [32m+[0m[0m logs_server_ip     = "10.32.18.211"
  [32m+[0m[0m payments_server_ip = "10.32.18.210"
  [32m+[0m[0m ssh_commands       = {
      [32m+[0m[0m api      = "ssh -i ~/.ssh/id_rsa ubuntu@10.32.18.69"
      [32m+[0m[0m logs     = "ssh -i ~/.ssh/id_rsa ubuntu@10.32.18.211"
      [32m+[0m[0m payments = "ssh -i ~/.ssh/id_rsa ubuntu@10.32.18.210"
    }
[0m[1mmodule.app_servers["api"].null_resource.this: Creating...[0m[0m
[0m[1mmodule.app_servers["logs"].null_resource.this: Creating...[0m[0m
[0m[1mmodule.app_servers["payments"].null_resource.this: Creating...[0m[0m
[0m[1mmodule.app_servers["logs"].null_resource.this: Provisioning with 'remote-exec'...[0m[0m
[0m[1mmodule.app_servers["payments"].null_resource.this: Provisioning with 'remote-exec'...[0m[0m
[0m[1mmodule.app_servers["api"].null_resource.this: Provisioning with 'remote-exec'...[0m[0m
[0m[1mmodule.app_servers["api"].null_resource.this (remote-exec):[0m [0mConnecting to remote host via SSH...
[0m[1mmodule.app_servers["api"].null_resource.this (remote-exec):[0m [0m  Host: 10.32.18.69
[0m[1mmodule.app_servers["api"].null_resource.this (remote-exec):[0m [0m  User: ubuntu
[0m[1mmodule.app_servers["api"].null_resource.this (remote-exec):[0m [0m  Password: false
[0m[1mmodule.app_servers["api"].null_resource.this (remote-exec):[0m [0m  Private key: true
[0m[1mmodule.app_servers["api"].null_resource.this (remote-exec):[0m [0m  Certificate: false
[0m[1mmodule.app_servers["api"].null_resource.this (remote-exec):[0m [0m  SSH Agent: false
[0m[1mmodule.app_servers["api"].null_resource.this (remote-exec):[0m [0m  Checking Host Key: false
[0m[1mmodule.app_servers["api"].null_resource.this (remote-exec):[0m [0m  Target Platform: unix
[0m[1mmodule.app_servers["payments"].null_resource.this (remote-exec):[0m [0mConnecting to remote host via SSH...
[0m[1mmodule.app_servers["payments"].null_resource.this (remote-exec):[0m [0m  Host: 10.32.18.210
[0m[1mmodule.app_servers["payments"].null_resource.this (remote-exec):[0m [0m  User: ubuntu
[0m[1mmodule.app_servers["payments"].null_resource.this (remote-exec):[0m [0m  Password: false
[0m[1mmodule.app_servers["payments"].null_resource.this (remote-exec):[0m [0m  Private key: true
[0m[1mmodule.app_servers["payments"].null_resource.this (remote-exec):[0m [0m  Certificate: false
[0m[1mmodule.app_servers["payments"].null_resource.this (remote-exec):[0m [0m  SSH Agent: false
[0m[1mmodule.app_servers["payments"].null_resource.this (remote-exec):[0m [0m  Checking Host Key: false
[0m[1mmodule.app_servers["payments"].null_resource.this (remote-exec):[0m [0m  Target Platform: unix
[0m[1mmodule.app_servers["logs"].null_resource.this (remote-exec):[0m [0mConnecting to remote host via SSH...
[0m[1mmodule.app_servers["logs"].null_resource.this (remote-exec):[0m [0m  Host: 10.32.18.211
[0m[1mmodule.app_servers["logs"].null_resource.this (remote-exec):[0m [0m  User: ubuntu
[0m[1mmodule.app_servers["logs"].null_resource.this (remote-exec):[0m [0m  Password: false
[0m[1mmodule.app_servers["logs"].null_resource.this (remote-exec):[0m [0m  Private key: true
[0m[1mmodule.app_servers["logs"].null_resource.this (remote-exec):[0m [0m  Certificate: false
[0m[1mmodule.app_servers["logs"].null_resource.this (remote-exec):[0m [0m  SSH Agent: false
[0m[1mmodule.app_servers["logs"].null_resource.this (remote-exec):[0m [0m  Checking Host Key: false
[0m[1mmodule.app_servers["logs"].null_resource.this (remote-exec):[0m [0m  Target Platform: unix
[0m[1mmodule.app_servers["payments"].null_resource.this (remote-exec):[0m [0mConnected!
[0m[1mmodule.app_servers["api"].null_resource.this (remote-exec):[0m [0mConnected!
[0m[1mmodule.app_servers["logs"].null_resource.this (remote-exec):[0m [0mConnected!
[0m[1mmodule.app_servers["payments"].null_resource.this (remote-exec):[0m [0mConnected to kijanikiosk-payments (staging)
[0m[1mmodule.app_servers["payments"].null_resource.this (remote-exec):[0m [0mkijanikiosk-payments
[0m[1mmodule.app_servers["payments"].null_resource.this (remote-exec):[0m [0mLinux kijanikiosk-payments 5.15.0-198-generic #208-Ubuntu SMP Fri Sep 4 10:22:38 UTC 2026 x86_64 x86_64 x86_64 GNU/Linux
[0m[1mmodule.app_servers["payments"].null_resource.this: Creation complete after 1s [id=797464359897214384][0m
[0m[1mmodule.app_servers["api"].null_resource.this (remote-exec):[0m [0mConnected to kijanikiosk-api (staging)
[0m[1mmodule.app_servers["logs"].null_resource.this (remote-exec):[0m [0mConnected to kijanikiosk-logs (staging)
[0m[1mmodule.app_servers["api"].null_resource.this (remote-exec):[0m [0mkijanikiosk-api
[0m[1mmodule.app_servers["logs"].null_resource.this (remote-exec):[0m [0mkijanikiosk-logs
[0m[1mmodule.app_servers["api"].null_resource.this (remote-exec):[0m [0mLinux kijanikiosk-api 5.15.0-198-generic #208-Ubuntu SMP Fri Sep 4 10:22:38 UTC 2026 x86_64 x86_64 x86_64 GNU/Linux
[0m[1mmodule.app_servers["logs"].null_resource.this (remote-exec):[0m [0mLinux kijanikiosk-logs 5.15.0-198-generic #208-Ubuntu SMP Fri Sep 4 10:22:38 UTC 2026 x86_64 x86_64 x86_64 GNU/Linux
[0m[1mmodule.app_servers["api"].null_resource.this: Creation complete after 1s [id=1952641845401664071][0m
[0m[1mmodule.app_servers["logs"].null_resource.this: Creation complete after 1s [id=853973135524182644][0m
[0m[1m[32m
Apply complete! Resources: 3 added, 0 changed, 0 destroyed.[0m
[0m[1m[32m
Outputs:

[0mall_server_ips = {
  "api" = "10.32.18.69"
  "logs" = "10.32.18.211"
  "payments" = "10.32.18.210"
}
api_server_ip = "10.32.18.69"
environment = "staging"
logs_server_ip = "10.32.18.211"
payments_server_ip = "10.32.18.210"
ssh_commands = {
  "api" = "ssh -i ~/.ssh/id_rsa ubuntu@10.32.18.69"
  "logs" = "ssh -i ~/.ssh/id_rsa ubuntu@10.32.18.211"
  "payments" = "ssh -i ~/.ssh/id_rsa ubuntu@10.32.18.210"
}

>>> [2/3] Generating Ansible inventory
-------------------------------------------------------------------
Resolved IPs:
  api      = 10.32.18.69
  payments = 10.32.18.210
  logs     = 10.32.18.211
Inventory written to /home/medico/kijanikiosk-ansible/inventory.ini:
[kijanikiosk_api]
api ansible_host=10.32.18.69

[kijanikiosk_payments]
payments ansible_host=10.32.18.210

[kijanikiosk_logs]
logs ansible_host=10.32.18.211

[kijanikiosk:children]
kijanikiosk_api
kijanikiosk_payments
kijanikiosk_logs

[kijanikiosk:vars]
ansible_user=ubuntu
ansible_ssh_private_key_file=/home/medico/.ssh/id_rsa
ansible_python_interpreter=/usr/bin/python3

>>> [3/3] Ansible playbook
-------------------------------------------------------------------

PLAY [Configure KijaniKiosk servers] *******************************************

TASK [Gathering Facts] *********************************************************
ok: [logs]
ok: [api]
ok: [payments]

TASK [Phase 1 — Update apt cache] **********************************************
ok: [api]
ok: [logs]
ok: [payments]

TASK [Phase 1 — Install common packages] ***************************************
changed: [logs]
changed: [payments]
changed: [api]

TASK [Phase 2 — Ensure kijanikiosk group exists] *******************************
changed: [payments]
changed: [logs]
changed: [api]

TASK [Phase 2 — Ensure service accounts exist] *********************************
changed: [api] => (item={'name': 'kk-api', 'uid': 2001})
changed: [payments] => (item={'name': 'kk-api', 'uid': 2001})
changed: [logs] => (item={'name': 'kk-api', 'uid': 2001})
changed: [logs] => (item={'name': 'kk-payments', 'uid': 2002})
changed: [api] => (item={'name': 'kk-payments', 'uid': 2002})
changed: [payments] => (item={'name': 'kk-payments', 'uid': 2002})
changed: [logs] => (item={'name': 'kk-logs', 'uid': 2003})
changed: [api] => (item={'name': 'kk-logs', 'uid': 2003})
changed: [payments] => (item={'name': 'kk-logs', 'uid': 2003})

TASK [Phase 3 — Ensure base directory exists] **********************************
changed: [api]
changed: [logs]
changed: [payments]

TASK [Phase 3 — Ensure config directory exists] ********************************
changed: [api]
changed: [payments]
changed: [logs]

TASK [Phase 3 — Ensure shared directory exists] ********************************
changed: [api]
changed: [logs]
changed: [payments]

TASK [Phase 3 — Ensure logs directory exists] **********************************
changed: [api]
changed: [payments]
changed: [logs]

TASK [Phase 3 — Ensure health directory exists] ********************************
changed: [api]
changed: [logs]
changed: [payments]

TASK [Phase 3 — Apply default ACLs to logs directory] **************************
changed: [payments] => (item={'entity': '', 'etype': 'user', 'perms': 'rwx'})
changed: [api] => (item={'entity': '', 'etype': 'user', 'perms': 'rwx'})
changed: [logs] => (item={'entity': '', 'etype': 'user', 'perms': 'rwx'})
ok: [payments] => (item={'entity': '', 'etype': 'group', 'perms': 'rwx'})
ok: [api] => (item={'entity': '', 'etype': 'group', 'perms': 'rwx'})
ok: [logs] => (item={'entity': '', 'etype': 'group', 'perms': 'rwx'})
ok: [payments] => (item={'entity': '', 'etype': 'other', 'perms': '---'})
ok: [api] => (item={'entity': '', 'etype': 'other', 'perms': '---'})
ok: [logs] => (item={'entity': '', 'etype': 'other', 'perms': '---'})

TASK [Phase 4 — Ensure service environment file is present] ********************
changed: [api]
changed: [logs]
changed: [payments]

TASK [Phase 4 — Ensure systemd unit file is present] ***************************
changed: [payments]
changed: [api]
changed: [logs]

TASK [Phase 4 — Ensure service is enabled and running] *************************
changed: [payments]
changed: [api]
changed: [logs]

TASK [Phase 5 — Set ufw default deny incoming] *********************************
ok: [api]
ok: [logs]
ok: [payments]

TASK [Phase 5 — Set ufw default allow outgoing] ********************************
ok: [api]
ok: [payments]
ok: [logs]

TASK [Phase 5 — Allow SSH] *****************************************************
changed: [logs]
changed: [api]
changed: [payments]

TASK [Phase 5 — Allow HTTP] ****************************************************
changed: [payments]
changed: [api]
changed: [logs]

TASK [Phase 5 — Allow payments port from loopback] *****************************
skipping: [api]
skipping: [logs]
changed: [payments]

TASK [Phase 5 — Allow payments port from monitoring subnet] ********************
skipping: [api]
skipping: [logs]
changed: [payments]

TASK [Phase 5 — Enable ufw] ****************************************************
changed: [api]
changed: [payments]
changed: [logs]

TASK [Phase 6 — Ensure journald config directory exists] ***********************
changed: [api]
changed: [payments]
changed: [logs]

TASK [Phase 6 — Configure persistent journal] **********************************
changed: [api]
changed: [logs]
changed: [payments]

TASK [Phase 6 — Ensure /var/log/journal exists] ********************************
ok: [logs]
ok: [api]
ok: [payments]

TASK [Phase 7 — Seed a placeholder log file for logrotate validation] **********
changed: [payments]
changed: [api]
changed: [logs]

TASK [Phase 7 — Ensure logrotate config is present] ****************************
changed: [api]
changed: [payments]
changed: [logs]

RUNNING HANDLER [Reload systemd] ***********************************************
ok: [api]
ok: [payments]
ok: [logs]

RUNNING HANDLER [Restart kk service] *******************************************
changed: [api]
changed: [payments]
changed: [logs]

RUNNING HANDLER [Restart journald] *********************************************
changed: [api]
changed: [logs]
changed: [payments]

PLAY RECAP *********************************************************************
api                        : ok=27   changed=21   unreachable=0    failed=0    skipped=2    rescued=0    ignored=0   
logs                       : ok=27   changed=21   unreachable=0    failed=0    skipped=2    rescued=0    ignored=0   
payments                   : ok=29   changed=23   unreachable=0    failed=0    skipped=0    rescued=0    ignored=0   


===================================================================
Pipeline complete — 2026-10-05T15:59:41+03:00
===================================================================
